keycloak_authentication_bindings
keycloak_authentication_execution
keycloak_authentication_execution_config
keycloak_authentication_flow
keycloak_authentication_subflow
keycloak_custom_identity_provider_mapper
keycloak_custom_user_federation
keycloak_default_groups
keycloak_default_roles
keycloak_generic_protocol_mapper
keycloak_generic_role_mapper
keycloak_group
keycloak_group_memberships
keycloak_group_permissions
keycloak_group_roles
keycloak_identity_provider_token_exchange_scope_permission
keycloak_kubernetes_identity_provider
keycloak_ldap_custom_mapper
keycloak_ldap_full_name_mapper
keycloak_ldap_group_mapper
keycloak_ldap_hardcoded_attribute_mapper
keycloak_ldap_hardcoded_group_mapper
keycloak_ldap_hardcoded_role_mapper
keycloak_ldap_msad_lds_user_account_control_mapper
keycloak_ldap_msad_user_account_control_mapper
keycloak_ldap_role_mapper
keycloak_ldap_user_attribute_mapper
keycloak_ldap_user_federation
keycloak_oidc_google_identity_provider
keycloak_oidc_identity_provider
keycloak_openid_client
keycloak_openid_client_authorization_permission
keycloak_openid_client_authorization_resource
keycloak_openid_client_client_policy
keycloak_openid_client_default_scopes
keycloak_openid_client_group_policy
keycloak_openid_client_optional_scopes
keycloak_openid_client_permissions
keycloak_openid_client_role_policy
keycloak_openid_client_scope
keycloak_openid_client_service_account_realm_role
keycloak_openid_client_service_account_role
keycloak_openid_client_user_policy
keycloak_openid_group_membership_protocol_mapper
keycloak_organization
keycloak_realm
keycloak_realm_client_policy_profile
keycloak_realm_client_policy_profile_policy
keycloak_realm_default_client_scopes
keycloak_realm_events
keycloak_realm_keystore_rsa
keycloak_realm_optional_client_scopes
keycloak_realm_user_profile
keycloak_required_action
keycloak_role
keycloak_saml_client
keycloak_saml_client_default_scopes
keycloak_saml_client_scope
keycloak_saml_identity_provider
keycloak_user
keycloak_user_groups
keycloak_user_roles
keycloak_users_permissions